07-17 19:27:03.186 15318 15318 E unknown:SurfaceMountingManager: <RCTText id=2822 parentTag=2844 isRoot=false />
07-17 19:27:03.186 15318 15318 E unknown:SurfaceMountingManager: <RCTText id=1800 parentTag=2042 isRoot=false />
07-17 19:27:03.186 15318 15318 E unknown:SurfaceMountingManager: <RCTText id=1804 parentTag=2042 isRoot=false />
07-17 19:27:03.186 15318 15318 E unknown:SurfaceMountingManager: <RCTText id=2828 parentTag=2844 isRoot=false />
07-17 19:27:03.186 15318 15318 E unknown:SurfaceMountingManager: <RCTView id=2830 parentTag=2844 isRoot=false />
07-17 19:27:03.186 15318 15318 E unknown:SurfaceMountingManager: <RCTView id=1808 parentTag=2042 isRoot=false />
07-17 19:27:03.187 15318 15318 E unknown:SurfaceMountingManager: <RCTText id=2834 parentTag=2844 isRoot=false />
07-17 19:27:03.187 15318 15318 E unknown:SurfaceMountingManager: <RCTText id=1812 parentTag=2042 isRoot=false />
07-17 19:27:03.187 15318 15318 E unknown:SurfaceMountingManager: <RCTView id=2836 parentTag=2844 isRoot=false />
07-17 19:27:03.187 15318 15318 E unknown:SurfaceMountingManager: <RCTImageView id=2840 parentTag=2842 isRoot=false />
07-17 19:27:03.187 15318 15318 E unknown:SurfaceMountingManager: <RCTText id=1818 parentTag=2042 isRoot=false />
07-17 19:27:03.187 15318 15318 E unknown:SurfaceMountingManager: <RCTView id=2842 parentTag=2844 isRoot=false />
07-17 19:27:03.187 15318 15318 E unknown:SurfaceMountingManager: <RCTView id=2844 parentTag=2880 isRoot=false />
07-17 19:27:03.187 15318 15318 E unknown:SurfaceMountingManager: <RCTView id=1822 parentTag=2042 isRoot=false />
07-17 19:27:03.187 15318 15318 E unknown:SurfaceMountingManager: <RCTView id=1824 parentTag=2042 isRoot=false />
07-17 19:27:03.187 15318 15318 E unknown:SurfaceMountingManager: <RCTText id=2848 parentTag=2854 isRoot=false />
07-17 19:27:03.187 15318 15318 E unknown:SurfaceMountingManager: <RCTText id=1828 parentTag=1830 isRoot=false />
07-17 19:27:03.187 15318 15318 E unknown:SurfaceMountingManager: <RCTText id=2852 parentTag=2854 isRoot=false />
07-17 19:27:03.187 15318 15318 E unknown:SurfaceMountingManager: <RCTView id=1830 parentTag=2042 isRoot=false />
07-17 19:27:03.187 15318 15318 E unknown:SurfaceMountingManager: <RCTView id=2854 parentTag=2880 isRoot=false />
07-17 19:27:03.187 15318 15318 E unknown:SurfaceMountingManager: <RCTText id=1834 parentTag=1836 isRoot=false />
07-17 19:27:03.187 15318 15318 E unknown:SurfaceMountingManager: <RCTText id=2858 parentTag=2864 isRoot=false />
07-17 19:27:03.187 15318 15318 E unknown:SurfaceMountingManager: <RCTView id=1836 parentTag=2042 isRoot=false />
07-17 19:27:03.188 15318 15318 E unknown:SurfaceMountingManager: <RCTText id=2862 parentTag=2864 isRoot=false />
07-17 19:27:03.188 15318 15318 E unknown:SurfaceMountingManager: <RCTText id=1840 parentTag=1842 isRoot=false />
07-17 19:27:03.188 15318 15318 E unknown:SurfaceMountingManager: <RCTView id=2864 parentTag=2880 isRoot=false />
07-17 19:27:03.188 15318 15318 E unknown:SurfaceMountingManager: <RCTView id=1842 parentTag=2042 isRoot=false />
07-17 19:27:03.188 15318 15318 E unknown:SurfaceMountingManager: <RCTView id=1844 parentTag=2042 isRoot=false />
07-17 19:27:03.188 15318 15318 E unknown:SurfaceMountingManager: <RCTText id=2870 parentTag=2876 isRoot=false />
07-17 19:27:03.188 15318 15318 E unknown:SurfaceMountingManager: <RCTText id=1848 parentTag=1860 isRoot=false />
07-17 19:27:03.188 15318 15318 E unknown:SurfaceMountingManager: <RCTText id=2874 parentTag=2876 isRoot=false />
07-17 19:27:03.188 15318 15318 E unknown:SurfaceMountingManager: <RCTText id=1852 parentTag=1860 isRoot=false />
07-17 19:27:03.188 15318 15318 E unknown:SurfaceMountingManager: <RCTView id=2876 parentTag=2880 isRoot=false />
07-17 19:27:03.188 15318 15318 E unknown:SurfaceMountingManager: <RCTView id=2878 parentTag=2880 isRoot=false />
07-17 19:27:03.188 15318 15318 E unknown:SurfaceMountingManager: <RCTView id=1856 parentTag=1858 isRoot=false />
07-17 19:27:03.188 15318 15318 E unknown:SurfaceMountingManager: <RCTView id=2880 parentTag=2978 isRoot=false />
07-17 19:27:03.188 15318 15318 E unknown:SurfaceMountingManager: <RCTView id=1858 parentTag=1860 isRoot=false />
07-17 19:27:03.188 15318 15318 E unknown:SurfaceMountingManager: <RCTView id=1860 parentTag=2042 isRoot=false />
07-17 19:27:03.188 15318 15318 E unknown:SurfaceMountingManager: <RCTImageView id=2884 parentTag=2900 isRoot=false />
07-17 19:27:03.188 15318 15318 E unknown:SurfaceMountingManager: <RCTView id=2886 parentTag=2900 isRoot=false />
07-17 19:27:03.188 15318 15318 E unknown:SurfaceMountingManager: <RCTText id=1864 parentTag=2042 isRoot=false />
07-17 19:27:03.188 15318 15318 E unknown:SurfaceMountingManager: <RCTText id=2890 parentTag=2900 isRoot=false />
07-17 19:27:03.188 15318 15318 E unknown:SurfaceMountingManager: <RCTText id=1868 parentTag=2042 isRoot=false />
07-17 19:27:03.189 15318 15318 E unknown:SurfaceMountingManager: <RCTText id=2896 parentTag=2900 isRoot=false />
07-17 19:27:03.189 15318 15318 E unknown:SurfaceMountingManager: <RCTText id=1874 parentTag=2042 isRoot=false />
07-17 19:27:03.189 15318 15318 E unknown:SurfaceMountingManager: <RCTView id=2900 parentTag=2902 isRoot=false />
07-17 19:27:03.189 15318 15318 E unknown:SurfaceMountingManager: <RCTText id=1878 parentTag=2042 isRoot=false />
07-17 19:27:03.189 15318 15318 E unknown:SurfaceMountingManager: <RCTView id=2902 parentTag=2972 isRoot=false />
07-17 19:27:03.189 15318 15318 E unknown:SurfaceMountingManager: <RCTText id=1882 parentTag=2042 isRoot=false />
07-17 19:27:03.189 15318 15318 E unknown:SurfaceMountingManager: <RCTView id=1884 parentTag=2042 isRoot=false />
07-17 19:27:03.189 15318 15318 E unknown:SurfaceMountingManager: <null id=2910 parentTag=null isRoot=false />
07-17 19:27:03.189 15318 15318 E unknown:SurfaceMountingManager: <RCTText id=1888 parentTag=2042 isRoot=false />
07-17 19:27:03.189 15318 15318 E unknown:SurfaceMountingManager: <RCTText id=2912 parentTag=2936 isRoot=false />
07-17 19:27:03.189 15318 15318 E unknown:SurfaceMountingManager: <RCTText id=1892 parentTag=2042 isRoot=false />
07-17 19:27:03.189 15318 15318 E unknown:SurfaceMountingManager: <RCTText id=2918 parentTag=2936 isRoot=false />
07-17 19:27:03.189 15318 15318 E unknown:SurfaceMountingManager: <RCTText id=1896 parentTag=2042 isRoot=false />
07-17 19:27:03.189 15318 15318 E unknown:SurfaceMountingManager: <RCTView id=2920 parentTag=2936 isRoot=false />
07-17 19:27:03.189 15318 15318 E unknown:SurfaceMountingManager: <RCTText id=2924 parentTag=2936 isRoot=false />
07-17 19:27:03.189 15318 15318 E unknown:SurfaceMountingManager: <RCTText id=1902 parentTag=2042 isRoot=false />
07-17 19:27:03.189 15318 15318 E unknown:SurfaceMountingManager: <RCTView id=2926 parentTag=2936 isRoot=false />
07-17 19:27:03.189 15318 15318 E unknown:SurfaceMountingManager: <RCTText id=1906 parentTag=2042 isRoot=false />
07-17 19:27:03.189 15318 15318 E unknown:SurfaceMountingManager: <RCTText id=2930 parentTag=2936 isRoot=false />
07-17 19:27:03.189 15318 15318 E unknown:SurfaceMountingManager: <RCTView id=2932 parentTag=2936 isRoot=false />
07-17 19:27:03.190 15318 15318 E unknown:SurfaceMountingManager: <RCTText id=1912 parentTag=2042 isRoot=false />
07-17 19:27:03.190 15318 15318 E unknown:SurfaceMountingManager: <RCTView id=2936 parentTag=2972 isRoot=false />
07-17 19:27:03.190 15318 15318 E unknown:SurfaceMountingManager: <RCTText id=1916 parentTag=2042 isRoot=false />
07-17 19:27:03.190 15318 15318 E unknown:SurfaceMountingManager: <RCTText id=2940 parentTag=2946 isRoot=false />
07-17 19:27:03.190 15318 15318 E unknown:SurfaceMountingManager: <RCTView id=1920 parentTag=2042 isRoot=false />
07-17 19:27:03.190 15318 15318 E unknown:SurfaceMountingManager: <RCTText id=2944 parentTag=2946 isRoot=false />
07-17 19:27:03.190 15318 15318 E unknown:SurfaceMountingManager: <RCTView id=2946 parentTag=2972 isRoot=false />
07-17 19:27:03.190 15318 15318 E unknown:SurfaceMountingManager: <RCTText id=1924 parentTag=1934 isRoot=false />
07-17 19:27:03.190 15318 15318 E unknown:SurfaceMountingManager: <RCTText id=2950 parentTag=2956 isRoot=false />
07-17 19:27:03.190 15318 15318 E unknown:SurfaceMountingManager: <RCTText id=1928 parentTag=1934 isRoot=false />
07-17 19:27:03.190 15318 15318 E unknown:SurfaceMountingManager: <RCTText id=2954 parentTag=2956 isRoot=false />
07-17 19:27:03.190 15318 15318 E unknown:SurfaceMountingManager: <RCTText id=1932 parentTag=1934 isRoot=false />
07-17 19:27:03.190 15318 15318 E unknown:SurfaceMountingManager: <RCTView id=2956 parentTag=2972 isRoot=false />
07-17 19:27:03.190 15318 15318 E unknown:SurfaceMountingManager: <RCTView id=1934 parentTag=2042 isRoot=false />
07-17 19:27:03.190 15318 15318 E unknown:SurfaceMountingManager: <RCTText id=1938 parentTag=1948 isRoot=false />
07-17 19:27:03.190 15318 15318 E unknown:SurfaceMountingManager: <RCTText id=2962 parentTag=2968 isRoot=false />
07-17 19:27:03.190 15318 15318 E unknown:SurfaceMountingManager: <RCTText id=1942 parentTag=1948 isRoot=false />
07-17 19:27:03.190 15318 15318 E unknown:SurfaceMountingManager: <RCTText id=2966 parentTag=2968 isRoot=false />
07-17 19:27:03.190 15318 15318 E unknown:SurfaceMountingManager: <RCTView id=2968 parentTag=2972 isRoot=false />
07-17 19:27:03.191 15318 15318 E unknown:SurfaceMountingManager: <RCTText id=1946 parentTag=1948 isRoot=false />
07-17 19:27:03.191 15318 15318 E unknown:SurfaceMountingManager: <RCTView id=2970 parentTag=2972 isRoot=false />
07-17 19:27:03.191 15318 15318 E unknown:SurfaceMountingManager: <RCTView id=1948 parentTag=2042 isRoot=false />
07-17 19:27:03.191 15318 15318 E unknown:SurfaceMountingManager: <RCTView id=2972 parentTag=null isRoot=false />
07-17 19:27:03.191 15318 15318 E unknown:SurfaceMountingManager: <RCTText id=1952 parentTag=1962 isRoot=false />
07-17 19:27:03.191 15318 15318 E unknown:SurfaceMountingManager: <RCTText id=930 parentTag=954 isRoot=false />
07-17 19:27:03.191 15318 15318 E unknown:SurfaceMountingManager: <RCTView id=2978 parentTag=2980 isRoot=false />
07-17 19:27:03.191 15318 15318 E unknown:SurfaceMountingManager: <RCTText id=1956 parentTag=1962 isRoot=false />
07-17 19:27:03.191 15318 15318 E unknown:SurfaceMountingManager: <RCTScrollView id=2980 parentTag=2982 isRoot=false />
07-17 19:27:03.191 15318 15318 E unknown:SurfaceMountingManager: <RCTText id=934 parentTag=954 isRoot=false />
07-17 19:27:03.191 15318 15318 E unknown:SurfaceMountingManager: <AndroidSwipeRefreshLayout id=2982 parentTag=2610 isRoot=false />
07-17 19:27:03.191 15318 15318 E unknown:SurfaceMountingManager: <RCTText id=1960 parentTag=1962 isRoot=false />
07-17 19:27:03.191 15318 15318 E unknown:SurfaceMountingManager: <RCTView id=1962 parentTag=2042 isRoot=false />
07-17 19:27:03.191 15318 15318 E unknown:SurfaceMountingManager: <RCTText id=2986 parentTag=3012 isRoot=false />
07-17 19:27:03.191 15318 15318 E unknown:SurfaceMountingManager: <RCTText id=940 parentTag=942 isRoot=false />
07-17 19:27:03.191 15318 15318 E unknown:SurfaceMountingManager: <RCTView id=942 parentTag=954 isRoot=false />
07-17 19:27:03.191 15318 15318 E unknown:SurfaceMountingManager: <RCTText id=1966 parentTag=1984 isRoot=false />
07-17 19:27:03.191 15318 15318 E unknown:SurfaceMountingManager: <RCTText id=2990 parentTag=3012 isRoot=false />
07-17 19:27:03.191 15318 15318 E unknown:SurfaceMountingManager: <RCTText id=946 parentTag=948 isRoot=false />
07-17 19:27:03.192 15318 15318 E unknown:SurfaceMountingManager: <RCTText id=1970 parentTag=1984 isRoot=false />
07-17 19:27:03.192 15318 15318 E unknown:SurfaceMountingManager: <RCTView id=948 parentTag=954 isRoot=false />
07-17 19:27:03.192 15318 15318 E unknown:SurfaceMountingManager: <RCTText id=2996 parentTag=3012 isRoot=false />
07-17 19:27:03.192 15318 15318 E unknown:SurfaceMountingManager: <RCTText id=1974 parentTag=1984 isRoot=false />
07-17 19:27:03.192 15318 15318 E unknown:SurfaceMountingManager: <RCTView id=3000 parentTag=3002 isRoot=false />
07-17 19:27:03.192 15318 15318 E unknown:SurfaceMountingManager: <RCTView id=954 parentTag=972 isRoot=false />
07-17 19:27:03.192 15318 15318 E unknown:SurfaceMountingManager: <RCTView id=3002 parentTag=3012 isRoot=false />
07-17 19:27:03.192 15318 15318 E unknown:SurfaceMountingManager: <RCTText id=1980 parentTag=1984 isRoot=false />
07-17 19:27:03.192 15318 15318 E unknown:SurfaceMountingManager: <RCTView id=1982 parentTag=1984 isRoot=false />
07-17 19:27:03.192 15318 15318 E unknown:SurfaceMountingManager: <RCTView id=1984 parentTag=2042 isRoot=false />
07-17 19:27:03.192 15318 15318 E unknown:SurfaceMountingManager: <RCTText id=3008 parentTag=3012 isRoot=false />
07-17 19:27:03.192 15318 15318 E unknown:SurfaceMountingManager: <RCTView id=962 parentTag=964 isRoot=false />
07-17 19:27:03.192 15318 15318 E unknown:SurfaceMountingManager: <RCTScrollView id=964 parentTag=966 isRoot=false />
07-17 19:27:03.192 15318 15318 E unknown:SurfaceMountingManager: <RCTText id=1988 parentTag=1998 isRoot=false />
07-17 19:27:03.192 15318 15318 E unknown:SurfaceMountingManager: <RCTView id=3012 parentTag=2798 isRoot=false />
07-17 19:27:03.192 15318 15318 E unknown:SurfaceMountingManager: <AndroidSwipeRefreshLayout id=966 parentTag=972 isRoot=false />
07-17 19:27:03.192 15318 15318 E unknown:SurfaceMountingManager: <RCTView id=968 parentTag=972 isRoot=false />
07-17 19:27:03.192 15318 15318 E unknown:SurfaceMountingManager: <RCTText id=1992 parentTag=1998 isRoot=false />
07-17 19:27:03.192 15318 15318 E unknown:SurfaceMountingManager: <RCTText id=3018 parentTag=3042 isRoot=false />
07-17 19:27:03.192 15318 15318 E unknown:SurfaceMountingManager: <RCTView id=972 parentTag=974 isRoot=false />
07-17 19:27:03.193 15318 15318 E unknown:SurfaceMountingManager: <RCTText id=1996 parentTag=1998 isRoot=false />
07-17 19:27:03.193 15318 15318 E unknown:SurfaceMountingManager: <RNSScreen id=974 parentTag=-1 isRoot=false />
07-17 19:27:03.193 15318 15318 E unknown:SurfaceMountingManager: <RCTView id=1998 parentTag=2042 isRoot=false />
07-17 19:27:03.193 15318 15318 E unknown:SurfaceMountingManager: <RCTText id=3022 parentTag=3042 isRoot=false />
07-17 19:27:03.193 15318 15318 E unknown:SurfaceMountingManager: <RCTImageView id=976 parentTag=978 isRoot=false />
07-17 19:27:03.193 15318 15318 E unknown:SurfaceMountingManager: <RCTView id=978 parentTag=998 isRoot=false />
07-17 19:27:03.193 15318 15318 E unknown:SurfaceMountingManager: <RCTText id=2002 parentTag=2012 isRoot=false />
07-17 19:27:03.193 15318 15318 E unknown:SurfaceMountingManager: <RCTText id=3028 parentTag=3030 isRoot=false />
07-17 19:27:03.193 15318 15318 E unknown:SurfaceMountingManager: <RCTText id=982 parentTag=998 isRoot=false />
07-17 19:27:03.193 15318 15318 E unknown:SurfaceMountingManager: <RCTText id=2006 parentTag=2012 isRoot=false />
07-17 19:27:03.193 15318 15318 E unknown:SurfaceMountingManager: <RCTView id=3030 parentTag=3042 isRoot=false />
07-17 19:27:03.193 15318 15318 E unknown:SurfaceMountingManager: <RCTText id=2010 parentTag=2012 isRoot=false />
07-17 19:27:03.193 15318 15318 E unknown:SurfaceMountingManager: <RCTText id=3034 parentTag=3036 isRoot=false />
07-17 19:27:03.193 15318 15318 E unknown:SurfaceMountingManager: <RCTText id=988 parentTag=998 isRoot=false />
07-17 19:27:03.193 15318 15318 E unknown:SurfaceMountingManager: <RCTView id=2012 parentTag=2042 isRoot=false />
07-17 19:27:03.193 15318 15318 E unknown:SurfaceMountingManager: <RCTView id=3036 parentTag=3042 isRoot=false />
07-17 19:27:03.193 15318 15318 E unknown:SurfaceMountingManager: <RCTText id=2016 parentTag=2022 isRoot=false />
07-17 19:27:03.193 15318 15318 E unknown:SurfaceMountingManager: <RCTText id=994 parentTag=998 isRoot=false />
07-17 19:27:03.193 15318 15318 E unknown:SurfaceMountingManager: <RCTView id=3042 parentTag=3060 isRoot=false />
07-17 19:27:03.193 15318 15318 E unknown:SurfaceMountingManager: <RCTText id=2020 parentTag=2022 isRoot=false />
07-17 19:27:03.194 15318 15318 E unknown:SurfaceMountingManager: <AndroidProgressBar id=3044 parentTag=null isRoot=false />
07-17 19:27:03.194 15318 15318 E unknown:SurfaceMountingManager: <RCTView id=998 parentTag=962 isRoot=false />
07-17 19:27:03.194 15318 15318 E unknown:SurfaceMountingManager: <RCTView id=2022 parentTag=2042 isRoot=false />
07-17 19:27:03.194 15318 15318 E unknown:SurfaceMountingManager: <RCTText id=2026 parentTag=2042 isRoot=false />
07-17 19:27:03.194 15318 15318 E unknown:SurfaceMountingManager: <RCTView id=3050 parentTag=3052 isRoot=false />
07-17 19:27:03.194 15318 15318 E unknown:SurfaceMountingManager: <RCTText id=1004 parentTag=1006 isRoot=false />
07-17 19:27:03.194 15318 15318 E unknown:SurfaceMountingManager: <RCTScrollView id=3052 parentTag=3054 isRoot=false />
07-17 19:27:03.194 15318 15318 E unknown:SurfaceMountingManager: <RCTView id=1006 parentTag=1026 isRoot=false />
07-17 19:27:03.194 15318 15318 E unknown:SurfaceMountingManager: <AndroidSwipeRefreshLayout id=3054 parentTag=3060 isRoot=false />
07-17 19:27:03.194 15318 15318 E unknown:SurfaceMountingManager: <null id=2032 parentTag=null isRoot=false />
07-17 19:27:03.194 15318 15318 E unknown:SurfaceMountingManager: <RCTView id=3056 parentTag=3060 isRoot=false />
07-17 19:27:03.194 15318 15318 E unknown:SurfaceMountingManager: <RCTText id=1010 parentTag=1026 isRoot=false />
07-17 19:27:03.194 15318 15318 E unknown:SurfaceMountingManager: <RCTText id=2034 parentTag=2042 isRoot=false />
07-17 19:27:03.194 15318 15318 E unknown:SurfaceMountingManager: <RCTView id=3060 parentTag=3062 isRoot=false />
07-17 19:27:03.194 15318 15318 E unknown:SurfaceMountingManager: <RNSScreen id=3062 parentTag=null isRoot=false />
07-17 19:27:03.194 15318 15318 E unknown:SurfaceMountingManager: <RCTText id=1016 parentTag=1026 isRoot=false />
07-17 19:27:03.194 15318 15318 E unknown:SurfaceMountingManager: <RCTView id=2042 parentTag=2044 isRoot=false />
07-17 19:27:03.194 15318 15318 E unknown:SurfaceMountingManager: <RCTScrollView id=2044 parentTag=2046 isRoot=false />
07-17 19:27:03.195 15318 15318 E unknown:SurfaceMountingManager: <RCTText id=1022 parentTag=1026 isRoot=false />
07-17 19:27:03.195 15318 15318 E unknown:SurfaceMountingManager: <AndroidSwipeRefreshLayout id=2046 parentTag=556 isRoot=false />
07-17 19:27:03.195 15318 15318 E unknown:FabricUIManager: Exception thrown when executing UIFrameGuarded
07-17 19:27:03.195 15318 15318 E unknown:FabricUIManager: java.lang.IllegalStateException: addViewAt: failed to insert view [2620] into parent [2626] at index 0
07-17 19:27:03.195 15318 15318 E unknown:FabricUIManager:       at com.facebook.react.fabric.mounting.SurfaceMountingManager.addViewAt(SurfaceMountingManager.java:410)
07-17 19:27:03.195 15318 15318 E unknown:FabricUIManager:       at com.facebook.react.fabric.mounting.mountitems.IntBufferBatchMountItem.execute(IntBufferBatchMountItem.kt:111)
07-17 19:27:03.195 15318 15318 E unknown:FabricUIManager:       at com.facebook.react.fabric.mounting.MountItemDispatcher.executeOrEnqueue(MountItemDispatcher.kt:312)
07-17 19:27:03.195 15318 15318 E unknown:FabricUIManager:       at com.facebook.react.fabric.mounting.MountItemDispatcher.dispatchMountItems(MountItemDispatcher.kt:221)
07-17 19:27:03.195 15318 15318 E unknown:FabricUIManager:       at com.facebook.react.fabric.mounting.MountItemDispatcher.tryDispatchMountItems(MountItemDispatcher.kt:88)
07-17 19:27:03.195 15318 15318 E unknown:FabricUIManager:       at com.facebook.react.fabric.FabricUIManager$DispatchUIFrameCallback.doFrameGuarded(FabricUIManager.java:1484)
07-17 19:27:03.195 15318 15318 E unknown:FabricUIManager:       at com.facebook.react.uimanager.GuardedFrameCallback.doFrame(GuardedFrameCallback.kt:25)
07-17 19:27:03.195 15318 15318 E unknown:FabricUIManager:       at com.facebook.react.modules.core.ReactChoreographer.frameCallback$lambda$1(ReactChoreographer.kt:59)
07-17 19:27:03.195 15318 15318 E unknown:FabricUIManager:       at com.facebook.react.modules.core.ReactChoreographer.$r8$lambda$nSkFhrr5T7rop_XKwzlLov4NLLw(ReactChoreographer.kt:0)
07-17 19:27:03.195 15318 15318 E unknown:FabricUIManager:       at com.facebook.react.modules.core.ReactChoreographer$$ExternalSyntheticLambda0.doFrame(D8$$SyntheticClass:0)
07-17 19:27:03.195 15318 15318 E unknown:FabricUIManager:       at android.view.Choreographer$CallbackRecord.run(Choreographer.java:1399)
07-17 19:27:03.195 15318 15318 E unknown:FabricUIManager:       at android.view.Choreographer$CallbackRecord.run(Choreographer.java:1410)
07-17 19:27:03.195 15318 15318 E unknown:FabricUIManager:       at android.view.Choreographer.doCallbacks(Choreographer.java:1012)
07-17 19:27:03.195 15318 15318 E unknown:FabricUIManager:       at android.view.Choreographer.doFrame(Choreographer.java:938)
07-17 19:27:03.195 15318 15318 E unknown:FabricUIManager:       at android.view.Choreographer$FrameDisplayEventReceiver.run(Choreographer.java:1384)
07-17 19:27:03.195 15318 15318 E unknown:FabricUIManager:       at android.os.Handler.handleCallback(Handler.java:958)
07-17 19:27:03.195 15318 15318 E unknown:FabricUIManager:       at android.os.Handler.dispatchMessage(Handler.java:99)
07-17 19:27:03.195 15318 15318 E unknown:FabricUIManager:       at android.os.Looper.loopOnce(Looper.java:205)
07-17 19:27:03.195 15318 15318 E unknown:FabricUIManager:       at android.os.Looper.loop(Looper.java:294)
07-17 19:27:03.195 15318 15318 E unknown:FabricUIManager:       at android.app.ActivityThread.main(ActivityThread.java:8492)
07-17 19:27:03.195 15318 15318 E unknown:FabricUIManager:       at java.lang.reflect.Method.invoke(Native Method)
07-17 19:27:03.195 15318 15318 E unknown:FabricUIManager:       at com.android.internal.os.RuntimeInit$MethodAndArgsCaller.run(RuntimeInit.java:640)
07-17 19:27:03.195 15318 15318 E unknown:FabricUIManager:       at com.android.internal.os.ZygoteInit.main(ZygoteInit.java:1026)
07-17 19:27:03.195 15318 15318 E unknown:FabricUIManager: Caused by: java.lang.IllegalStateException: The specified child already has a parent. You must call removeView() on the child's parent first.
07-17 19:27:03.195 15318 15318 E unknown:FabricUIManager:       at android.view.ViewGroup.addViewInner(ViewGroup.java:5508)
07-17 19:27:03.195 15318 15318 E unknown:FabricUIManager:       at android.view.ViewGroup.addView(ViewGroup.java:5314)
07-17 19:27:03.195 15318 15318 E unknown:FabricUIManager:       at android.view.ViewGroup.addView(ViewGroup.java:5254)
07-17 19:27:03.195 15318 15318 E unknown:FabricUIManager:       at com.facebook.react.views.view.ReactClippingViewManager.addView(ReactClippingViewManager.kt:36)
07-17 19:27:03.195 15318 15318 E unknown:FabricUIManager:       at com.facebook.react.views.view.ReactClippingViewManager.addView(ReactClippingViewManager.kt:20)
07-17 19:27:03.195 15318 15318 E unknown:FabricUIManager:       at com.facebook.react.fabric.mounting.SurfaceMountingManager.addViewAt(SurfaceMountingManager.java:407)
07-17 19:27:03.195 15318 15318 E unknown:FabricUIManager:       ... 22 more
07-17 19:27:03.196 15318 15318 W unknown:BridgelessReact: ReactHost{0}.handleHostException(message = "addViewAt: failed to insert view [2620] into parent [2626] at index 0")
07-17 19:27:03.206 15318 15318 D AndroidRuntime: Shutting down VM
07-17 19:27:03.206 15318 15318 I Process : Sending signal. PID: 15318 SIG: 9
PS D:\Download\platform-tools-latest-windows\platform-tools> .\adb shell pidof com.maosegura.app
22279
PS D:\Download\platform-tools-latest-windows\platform-tools> .\adb logcat --pid=22279
--------- beginning of system
07-17 19:34:43.065 22279 22279 D TranClassInfo: instance successfully. com.transsion.hubcore.graphics.TranGraphicImpl@6cf591f from com.transsion.hubcore.graphics.ITranGraphic
07-17 19:34:43.836 22279 22279 D TranClassInfo: instance successfully. com.transsion.hubcore.view.TranViewImpl@7b19e25 from com.transsion.hubcore.view.ITranView
07-17 19:34:43.863 22279 22279 D TranClassInfo: instance successfully. com.transsion.hubcore.spdopts.magellan.implement.TranMagellanViewComponentImpl@fcd2408 from com.transsion.hubcore.magellan.ITranMagellanViewComponent
07-17 19:34:43.896 22279 22279 D TranClassInfo: instance successfully. com.transsion.hubcore.internal.TranInternalViewImpl@1478b4 from com.transsion.hubcore.internal.ITranInternalView
07-17 19:34:43.954 22279 22279 D TranClassInfo: instance successfully. com.transsion.hubcore.app.TranActivityImpl@9394f67 from com.transsion.hubcore.app.ITranActivity
07-17 19:34:43.955 22279 22279 D TranClassInfo: instance successfully. com.transsion.hubcore.spdopts.magellan.implement.TranMagellanActivityComponentImpl@34f9dbd from com.transsion.hubcore.magellan.ITranMagellanActivityComponent
--------- beginning of main
07-17 19:35:11.504 22279 22279 D CompatibilityChangeReporter: Compat change id reported: 171228096; UID 10258; state: ENABLED
07-17 19:35:11.790 22279 22827 D nativeloader: Load /data/app/~~1gCqhXe7MxSHZStfIZXQwg==/com.maosegura.app-VSgiOFWjnHBlw7CKfVJtDQ==/base.apk!/lib/armeabi-v7a/libimagepipeline.so using class loader ns clns-4 (caller=/data/app/~~1gCqhXe7MxSHZStfIZXQwg==/com.maosegura.app-VSgiOFWjnHBlw7CKfVJtDQ==/base.apk!classes2.dex): ok
07-17 19:35:11.857 22279 22828 D nativeloader: Load /data/app/~~1gCqhXe7MxSHZStfIZXQwg==/com.maosegura.app-VSgiOFWjnHBlw7CKfVJtDQ==/base.apk!/lib/armeabi-v7a/libnative-imagetranscoder.so using class loader ns clns-4 (caller=/data/app/~~1gCqhXe7MxSHZStfIZXQwg==/com.maosegura.app-VSgiOFWjnHBlw7CKfVJtDQ==/base.apk!classes2.dex): ok
07-17 19:35:11.869 22279 22283 I m.maosegura.app: Background concurrent mark compact GC freed 3524KB AllocSpace bytes, 18(428KB) LOS objects, 49% free, 6367KB/12MB, paused 2.846ms,5.217ms total 141.261ms
07-17 19:35:12.258 22279 22320 W unknown:ReactNative: StatusBarModule: Ignored status bar change, current activity is edge-to-edge.
07-17 19:35:12.258 22279 22320 W unknown:ReactNative: StatusBarModule: Ignored status bar change, current activity is edge-to-edge.
07-17 19:35:13.139 22279 22320 W unknown:ReactNative: StatusBarModule: Ignored status bar change, current activity is edge-to-edge.
07-17 19:35:13.140 22279 22320 W unknown:ReactNative: StatusBarModule: Ignored status bar change, current activity is edge-to-edge.
07-17 19:35:14.048 22279 22833 D TrafficStats: tagSocket(173) with statsTag=0xffffffff, statsUid=-1
07-17 19:35:24.981 22279 22279 D os.LiceInfo: instance successfully. com.transsion.message.bank.v1.MessageBankLice@1e4ebb9 from com.transsion.message.bank.IMessageBankLice
07-17 19:35:25.360 22279 22319 W ReactNativeJS: 'Erro ao obter token do Expo:', 'Make sure to complete the guide at https://docs.expo.dev/push-notifications/fcm-credentials/ : Default FirebaseApp is not initialized in this process com.maosegura.app. Make sure to call FirebaseApp.initializeApp(Context) first.'
07-17 19:35:39.721 22279 22279 W Choreographer: Frame time is 0.042744 ms in the future!  Check that graphics HAL is generating vsync timestamps using the correct timebase.
07-17 19:35:45.188 22279 22279 D TranClassInfo: instance successfully. com.transsion.hubcore.widget.TranOverScrollerImpl@ad66eab from com.transsion.hubcore.widget.ITranOverScroller
07-17 19:35:45.209 22279 22279 D TranClassInfo: instance successfully. com.transsion.hubcore.spdopts.flingmanager.implement.TranFlingManagerImpl@6476908 from com.transsion.hubcore.flingmanager.ITranFlingManager
07-17 19:35:45.211 22279 22279 D TranClassInfo: instance successfully. com.transsion.hubcore.spdopts.magellan.implement.TranMagellanComponentImpl@29858a1 from com.transsion.hubcore.magellan.ITranMagellanComponent
07-17 19:35:49.490 22279 22279 W [RNScreens]: backTitleVisible prop is not available on Android
07-17 19:35:49.490 22279 22279 W [RNScreens]: disableBackButtonMenu prop is not available on Android
07-17 19:35:49.490 22279 22279 W [RNScreens]: largeTitleFontFamily prop is not available on Android
07-17 19:35:49.490 22279 22279 W [RNScreens]: backTitleFontFamily prop is not available on Android
07-17 19:35:49.491 22279 22279 W [RNScreens]: largeTitleFontWeight prop is not available on Android
07-17 19:35:49.491 22279 22279 W [RNScreens]: largeTitleHideShadow prop is not available on Android
07-17 19:35:49.554 22279 22283 I m.maosegura.app: Background young concurrent mark compact GC freed 4708KB AllocSpace bytes, 5(168KB) LOS objects, 44% free, 7085KB/12MB, paused 2.904ms,6.012ms total 237.810ms
07-17 19:35:49.802 22279 22279 D AutofillManager: view not autofillable - has multiline input type
07-17 19:35:49.803 22279 22279 D AutofillManager: view not autofillable - has multiline input type
07-17 19:35:49.832 22279 22279 D AutofillManager: view not autofillable - has multiline input type
07-17 19:35:49.843 22279 22279 D AutofillManager: view not autofillable - has multiline input type
07-17 19:35:49.848 22279 22279 D AutofillManager: view not autofillable - has multiline input type
07-17 19:35:49.850 22279 22279 D AutofillManager: view not autofillable - has multiline input type
07-17 19:36:02.910 22279 22279 D TranClassInfo: instance successfully. com.transsion.hubcore.app.TranAppImpl@987ddbb from com.transsion.hubcore.app.ITranApp
07-17 19:36:02.958 22279 22279 W WindowOnBackDispatcher: OnBackInvokedCallback is not enabled for the application.
07-17 19:36:02.958 22279 22279 W WindowOnBackDispatcher: Set 'android:enableOnBackInvokedCallback="true"' in the application manifest.
07-17 19:36:03.147 22279 22296 E OpenGLRenderer: Unable to match the desired swap behavior.
07-17 19:36:03.168 22279 23331 D IMGGralloc: Gralloc Register  w:720, h:1612, f:0x101, usage:0x900, ui64Stamp:692186, sSize:4657152, line = 2451
07-17 19:36:03.168 22279 23331 D IMGGralloc: Gralloc Free  w:720, h:1612, f:0x101, usage:0x900, ui64Stamp:692186 line = 2621
07-17 19:36:03.202 22279 22296 D IMGGralloc: Gralloc Register  w:720, h:1612, f:0x101, usage:0xb00, ui64Stamp:692188, sSize:4657152, line = 2451
07-17 19:36:03.212 22279 23331 D IMGGralloc: Gralloc Register  w:720, h:1612, f:0x101, usage:0x900, ui64Stamp:692190, sSize:4657152, line = 2451
07-17 19:36:03.223 22279 23331 D IMGGralloc: Gralloc Register  w:720, h:1612, f:0x101, usage:0x900, ui64Stamp:692199, sSize:4657152, line = 2451
07-17 19:36:03.236 22279 23331 D IMGGralloc: Gralloc Register  w:720, h:1612, f:0x101, usage:0x900, ui64Stamp:692202, sSize:4657152, line = 2451
07-17 19:36:05.596 22279 22296 D IMGGralloc: Gralloc Free  w:720, h:1612, f:0x101, usage:0x900, ui64Stamp:692202 line = 2621
07-17 19:36:05.616 22279 22296 D IMGGralloc: Gralloc Register  w:720, h:1612, f:0x101, usage:0xb00, ui64Stamp:692332, sSize:4657152, line = 2451
07-17 19:36:05.635 22279 22296 D IMGGralloc: Gralloc Free  w:720, h:1612, f:0x101, usage:0x900, ui64Stamp:692199 line = 2621
07-17 19:36:05.649 22279 22296 D IMGGralloc: Gralloc Register  w:720, h:1612, f:0x101, usage:0xb00, ui64Stamp:692337, sSize:4657152, line = 2451
07-17 19:36:05.677 22279 22323 W m.maosegura.app: Monitor::Inflate: Install failed 0x7b9229e0
07-17 19:36:05.681 22279 22296 D IMGGralloc: Gralloc Free  w:720, h:1612, f:0x101, usage:0x900, ui64Stamp:692190 line = 2621
07-17 19:36:05.690 22279 22296 D IMGGralloc: Gralloc Register  w:720, h:1612, f:0x101, usage:0xb00, ui64Stamp:692341, sSize:4657152, line = 2451
07-17 19:36:06.159 22279 22279 W unknown:BridgelessReact: ReactHost{0}.onUserLeaveHint(activity)
07-17 19:36:06.182 22279 22279 W unknown:BridgelessReact: ReactHost{0}.onHostPause(activity)
07-17 19:36:06.183 22279 22279 W unknown:BridgelessReact: ReactContext.onHostPause()
07-17 19:36:07.915 22279 22279 D CompatibilityChangeReporter: Compat change id reported: 78294732; UID 10258; state: ENABLED
07-17 19:36:07.940 22279 22279 W unknown:BridgelessReact: ReactHost{0}.onHostResume(activity)
07-17 19:36:07.940 22279 22279 W unknown:BridgelessReact: ReactContext.onHostResume()
07-17 19:36:07.969 22279 22319 W ReactNativeJS: [expo-image-picker] `ImagePicker.MediaTypeOptions` have been deprecated. Use `ImagePicker.MediaType` or an array of `ImagePicker.MediaType` instead.
07-17 19:36:07.980 22279 22323 W m.maosegura.app: Monitor::Inflate: Install failed 0x7b94e6f0
07-17 19:36:09.132 22279 22323 W m.maosegura.app: Monitor::Inflate: Install failed 0x7ba042b8
07-17 19:36:09.132 22279 22323 W m.maosegura.app: Monitor::Inflate: Install failed 0x7ba00e48
07-17 19:36:09.132 22279 22323 W m.maosegura.app: Monitor::Inflate: Install failed 0x7b9ff320
07-17 19:36:09.132 22279 22323 W m.maosegura.app: Monitor::Inflate: Install failed 0x7b9fe178
07-17 19:36:09.132 22279 22323 W m.maosegura.app: Monitor::Inflate: Install failed 0x7b9f9dd0
07-17 19:36:09.132 22279 22323 W m.maosegura.app: Monitor::Inflate: Install failed 0x7b9e23c0
07-17 19:36:09.132 22279 22323 W m.maosegura.app: Monitor::Inflate: Install failed 0x7b9e1478
07-17 19:36:09.132 22279 22323 W m.maosegura.app: Monitor::Inflate: Install failed 0x7b96e118
07-17 19:36:09.132 22279 22323 W m.maosegura.app: Monitor::Inflate: Install failed 0x7b96a870
07-17 19:36:09.132 22279 22323 W m.maosegura.app: Monitor::Inflate: Install failed 0x7b969828
07-17 19:36:09.392 22279 22279 W unknown:BridgelessReact: ReactHost{0}.onUserLeaveHint(activity)
07-17 19:36:09.398 22279 22279 W unknown:BridgelessReact: ReactHost{0}.onHostPause(activity)
07-17 19:36:09.398 22279 22279 W unknown:BridgelessReact: ReactContext.onHostPause()
07-17 19:36:09.610 22279 22283 I m.maosegura.app: Background concurrent mark compact GC freed 4511KB AllocSpace bytes, 2(40KB) LOS objects, 49% free, 8106KB/15MB, paused 2.783ms,8.105ms total 385.903ms
07-17 19:36:09.892 22279 22279 W unknown:BridgelessReact: ReactHost{0}.onHostResume(activity)
07-17 19:36:09.892 22279 22279 W unknown:BridgelessReact: ReactContext.onHostResume()
07-17 19:36:10.017 22279 23468 D TrafficStats: tagSocket(180) with statsTag=0xffffffff, statsUid=-1
07-17 19:36:10.222 22279 22279 W unknown:BridgelessReact: ReactHost{0}.onUserLeaveHint(activity)
07-17 19:36:10.240 22279 22279 W unknown:BridgelessReact: ReactHost{0}.onHostPause(activity)
07-17 19:36:10.240 22279 22279 W unknown:BridgelessReact: ReactContext.onHostPause()
07-17 19:36:11.853 22279 22292 D IMGGralloc: Gralloc Free  w:720, h:1612, f:0x101, usage:0xb00, ui64Stamp:689690 line = 2621
07-17 19:36:11.881 22279 22292 D IMGGralloc: Gralloc Free  w:720, h:1612, f:0x101, usage:0xb00, ui64Stamp:689712 line = 2621
07-17 19:36:11.884 22279 22292 D IMGGralloc: Gralloc Free  w:720, h:1612, f:0x101, usage:0xb00, ui64Stamp:689716 line = 2621
07-17 19:36:11.886 22279 22292 D IMGGralloc: Gralloc Free  w:720, h:1612, f:0x101, usage:0xb00, ui64Stamp:689714 line = 2621
07-17 19:36:11.922 22279 22296 D IMGGralloc: Gralloc Free  w:720, h:1612, f:0x101, usage:0xb00, ui64Stamp:692341 line = 2621
07-17 19:36:11.922 22279 22296 D IMGGralloc: Gralloc Free  w:720, h:1612, f:0x101, usage:0xb00, ui64Stamp:692337 line = 2621
07-17 19:36:11.945 22279 22279 D IMGGralloc: Gralloc Free  w:720, h:1612, f:0x101, usage:0xb00, ui64Stamp:692332 line = 2621
07-17 19:36:11.946 22279 22279 D IMGGralloc: Gralloc Free  w:720, h:1612, f:0x101, usage:0xb00, ui64Stamp:692188 line = 2621
PS D:\Download\platform-tools-latest-windows\platform-tools>